Microchip MPLAB XC8 Compiler V2.45

Linker command line:

-W-3 \
  --edf=C:\Program Files\Microchip\xc8\v2.45\pic\dat\20230818022343_en.msgs \
  -cn -h+dist/default/production\Mover_Servo.X.production.sym \
  --cmf=dist/default/production\Mover_Servo.X.production.cmf -z -Q18F4550 \
  -oC:\Users\gerar\AppData\Local\Temp\xcAse08.\driver_tmp_3.o \
  --defsym=__MPLAB_BUILD=1 --fixupoverflow=error \
  -Mdist/default/production/Mover_Servo.X.production.map \
  --md=C:\Users\gerar\AppData\Local\Temp\xcAse08.\driver_tmp_0.dat -E1 \
  -ver=XC8 Compiler --acfsm=1493 -ACODE=00h-07FFFh -ACONST=00h-07FFFh \
  -ASMALLCONST=0800h-08FFhx120 -AMEDIUMCONST=0800h-07FFFh -ACOMRAM=01h-05Fh \
  -AABS1=00h-07FFh -ABIGRAM=01h-07FFh -ARAM=060h-0FFh,0100h-01FFhx7 \
  -ABANK0=060h-0FFh -ABANK1=0100h-01FFh -ABANK2=0200h-02FFh \
  -ABANK3=0300h-03FFh -ABANK4=0400h-04FFh -ABANK5=0500h-05FFh \
  -ABANK6=0600h-06FFh -ABANK7=0700h-07FFh -ASFR=0F60h-0FFFh \
  -ABIGSFR=0F60h-0FFFh -ACONFIG=0300000h-030000Dh -AIDLOC=0200000h-0200007h \
  -AEEDATA=0F00000h-0F000FFh -peeprom_data=EEDATA \
  -preset_vec=00h,intcode=08h,intcodelo,powerup,init -pramtop=0800h \
  -psmallconst=SMALLCONST -pmediumconst=MEDIUMCONST -pconst=CONST \
  -AFARRAM=00h-00h \
  -prdata=COMRAM,nvrram=COMRAM,nvbit=COMRAM,rbss=COMRAM,rbit=COMRAM \
  -pfarbss=FARRAM,fardata=FARRAM,nvFARRAM=FARRAM \
  -pintsave_regs=BIGRAM,bigbss=BIGRAM,bigdata=BIGRAM -pbss=RAM \
  -pidata=CODE,irdata=CODE,ibigdata=CODE,ifardata=CODE -prparam=COMRAM \
  C:\Users\gerar\AppData\Local\Temp\xcAse08.\driver_tmp_9.o \
  dist/default/production\Mover_Servo.X.production.o 

Object code version is 3.11

Machine type is 18F4550



                Name                               Link     Load   Length Selector   Space Scale
C:\Users\gerar\AppData\Local\Temp\xcAse08.\driver_tmp_9.o
                idloc                            200000   200000        8        0       5
                config                           300000   300000        E        0       4
                init                                  E        E        4        4       0
                reset_vec                             0        0        4        0       0
dist/default/production\Mover_Servo.X.production.o
                intcode                               8        8        6        4       0
                idloc                            200000   200000        8        0       5
                config                           300000   300000        E        0       4
                temp                                 59       59        1        1       1
                smallconst                          800      800        2      400       0
                intcode_body                       163A     163A      1A2      401       0
                text8                              1AC4     1AC4       1C      401       0
                text7                              10EC     10EC      39A      401       0
                text6                               CC2      CC2      42A      401       0
                text5                               802      802      4C0      401       0
                text4                              1A7E     1A7E       46      401       0
                text3                              1978     1978      106      401       0
                text2                              1486     1486      1B4      401       0
                text1                              1AE0     1AE0       18      401       0
                text0                              17DC     17DC      19C      401       0
                cstackCOMRAM                          1        1       4C        1       1
                bssCOMRAM                            4D       4D        C        1       1
                cinit                              1AF8     1AF8       16      401       0

TOTAL           Name                               Link     Load   Length     Space
        CLASS   CODE           
                intcode                               8        8        6         0
                init                                  E        E        4         0
                reset_vec                             0        0        4         0
                intcode_body                       163A     163A      1A2         0
                text8                              1AC4     1AC4       1C         0
                text7                              10EC     10EC      39A         0
                text6                               CC2      CC2      42A         0
                text5                               802      802      4C0         0
                text4                              1A7E     1A7E       46         0
                text3                              1978     1978      106         0
                text2                              1486     1486      1B4         0
                text1                              1AE0     1AE0       18         0
                text0                              17DC     17DC      19C         0
                cinit                              1AF8     1AF8       16         0

        CLASS   CONST          

        CLASS   SMALLCONST     
                smallconst                          800      800        2         0

        CLASS   MEDIUMCONST    

        CLASS   COMRAM         
                temp                                 59       59        1         1
                cstackCOMRAM                          1        1       4C         1
                bssCOMRAM                            4D       4D        C         1

        CLASS   ABS1           

        CLASS   BIGRAM         

        CLASS   RAM            

        CLASS   BANK0          

        CLASS   BANK1          

        CLASS   BANK2          

        CLASS   BANK3          

        CLASS   BANK4          

        CLASS   BANK5          

        CLASS   BANK6          

        CLASS   BANK7          

        CLASS   SFR            

        CLASS   BIGSFR         

        CLASS   CONFIG         
                config                           300000   300000        E         4

        CLASS   IDLOC          
                idloc                            200000   200000        8         5

        CLASS   EEDATA         

        CLASS   FARRAM         

        CLASS   HEAP           

        CLASS   STACK          



SEGMENTS        Name                           Load    Length   Top    Selector   Space  Class

                reset_vec                      000000  000004  000004         0       0  CODE    
                cstackCOMRAM                   000001  000059  00005A         1       1  COMRAM  
                intcode                        000008  00000A  000012         4       0  CODE    
                smallconst                     000800  000002  000802       400       0  SMALLCON
                text5                          000802  00130C  001B0E       401       0  CODE    


UNUSED ADDRESS RANGES

        Name                Unused          Largest block    Delta
        BANK0            000060-0000FF               A0
        BANK1            000100-0001FF              100
        BANK2            000200-0002FF              100
        BANK3            000300-0003FF              100
        BANK4            000400-0004FF              100
        BANK5            000500-0005FF              100
        BANK6            000600-0006FF              100
        BANK7            000700-0007FF              100
        BIGRAM           00005A-0007FF              7A6
        BIGSFR           000F60-000FFF               A0
        CODE             000004-000007                4
                         000012-0007FF              7EE
                         001B0E-007FFF             64F2
        COMRAM           00005A-00005F                6
        CONST            000004-000007                4
                         000012-0007FF              7EE
                         001B0E-007FFF             64F2
        EEDATA           F00000-F000FF              100
        MEDIUMCONST      001B0E-007FFF             64F2
        RAM              000060-0007FF              100
        SFR              000F60-000FFF               A0
        SMALLCONST       001B0E-007FFF              100

                                  Symbol Table

?___fladd                cstackCOMRAM 000003
?___fldiv                cstackCOMRAM 000032
?___flmul                cstackCOMRAM 000011
?___flsub                cstackCOMRAM 00002A
?___fltol                cstackCOMRAM 000003
?___xxtofl               cstackCOMRAM 000003
_ADCON0bits              (abs)        000FC2
_ADCON1bits              (abs)        000FC1
_ADCON2bits              (abs)        000FC0
_ADRESH                  (abs)        000FC4
_ADRESL                  (abs)        000FC3
_INTCON2bits             (abs)        000FF1
_INTCONbits              (abs)        000FF2
_LATB                    (abs)        000F8A
_LATD                    (abs)        000F8C
_LATDbits                (abs)        000F8C
_LDR                     bssCOMRAM    000051
_PORTBbits               (abs)        000F81
_Radc                    bssCOMRAM    000057
_T0CONbits               (abs)        000FD5
_TMR0H                   (abs)        000FD7
_TMR0L                   (abs)        000FD6
_TRISAbits               (abs)        000F92
_TRISBbits               (abs)        000F93
_TRISD                   (abs)        000F95
_Timer0_Init             text8        001AC4
_Timer_INT               intcode      000008
__HRAM                   (abs)        000000
__H__absolute__          __absolute__ 000000
__Habs1                  abs1         000000
__Hbank0                 bank0        000000
__Hbank1                 bank1        000000
__Hbank2                 bank2        000000
__Hbank3                 bank3        000000
__Hbank4                 bank4        000000
__Hbank5                 bank5        000000
__Hbank6                 bank6        000000
__Hbank7                 bank7        000000
__Hbigbss                bigbss       000000
__Hbigdata               bigdata      000000
__Hbigram                bigram       000000
__Hbigsfr                bigsfr       000000
__Hbss                   bss          000000
__HbssCOMRAM             bssCOMRAM    000000
__Hcinit                 cinit        000000
__Hclrtext               clrtext      000000
__Hcomram                comram       000000
__Hconfig                config       30000E
__Hconst                 const        000000
__HcstackCOMRAM          cstackCOMRAM 000000
__Hdata                  data         000000
__Heeprom_data           eeprom_data  000000
__Hfarbss                farbss       000000
__Hfardata               fardata      000000
__Hheap                  heap         000000
__Hibigdata              ibigdata     000000
__Hidata                 idata        000000
__Hidloc                 idloc        200008
__Hifardata              ifardata     000000
__Hinit                  init         000012
__Hintcode               intcode      00000E
__Hintcode_body          intcode_body 000000
__Hintcodelo             intcodelo    00000E
__Hintentry              intentry     000000
__Hintret                intret       000000
__Hintsave_regs          intsave_regs 000000
__Hirdata                irdata       000000
__Hmediumconst           mediumconst  000000
__HnvFARRAM              nvFARRAM     000000
__Hnvbit                 nvbit        000000
__Hnvrram                nvrram       000000
__Hparam                 rparam       000000
__Hpowerup               powerup      00000E
__Hram                   ram          000000
__Hramtop                ramtop       000800
__Hrbit                  rbit         000000
__Hrbss                  rbss         000000
__Hrdata                 rdata        000000
__Hreset_vec             reset_vec    000004
__Hrparam                rparam       000000
__Hsfr                   sfr          000000
__Hsmallconst            smallconst   000802
__Hspace_0               (abs)        001B0E
__Hspace_1               (abs)        00005A
__Hspace_2               (abs)        000000
__Hspace_4               (abs)        60000E
__Hstack                 stack        000000
__Hstruct                struct       000000
__Htemp                  temp         00005A
__Htext                  text         000000
__Htext0                 text0        000000
__Htext1                 text1        000000
__Htext2                 text2        000000
__Htext3                 text3        000000
__Htext4                 text4        000000
__Htext5                 text5        000000
__Htext6                 text6        000000
__Htext7                 text7        000000
__Htext8                 text8        000000
__LRAM                   (abs)        000001
__L__absolute__          __absolute__ 000000
__Labs1                  abs1         000000
__Lbank0                 bank0        000000
__Lbank1                 bank1        000000
__Lbank2                 bank2        000000
__Lbank3                 bank3        000000
__Lbank4                 bank4        000000
__Lbank5                 bank5        000000
__Lbank6                 bank6        000000
__Lbank7                 bank7        000000
__Lbigbss                bigbss       000000
__Lbigdata               bigdata      000000
__Lbigram                bigram       000000
__Lbigsfr                bigsfr       000000
__Lbss                   bss          000000
__LbssCOMRAM             bssCOMRAM    000000
__Lcinit                 cinit        000000
__Lclrtext               clrtext      000000
__Lcomram                comram       000000
__Lconfig                config       000000
__Lconst                 const        000000
__LcstackCOMRAM          cstackCOMRAM 000000
__Ldata                  data         000000
__Leeprom_data           eeprom_data  000000
__Lfarbss                farbss       000000
__Lfardata               fardata      000000
__Lheap                  heap         000000
__Libigdata              ibigdata     000000
__Lidata                 idata        000000
__Lidloc                 idloc        000000
__Lifardata              ifardata     000000
__Linit                  init         00000E
__Lintcode               intcode      000008
__Lintcode_body          intcode_body 000000
__Lintcodelo             intcodelo    00000E
__Lintentry              intentry     000000
__Lintret                intret       000000
__Lintsave_regs          intsave_regs 000000
__Lirdata                irdata       000000
__Lmediumconst           mediumconst  000000
__LnvFARRAM              nvFARRAM     000000
__Lnvbit                 nvbit        000000
__Lnvrram                nvrram       000000
__Lparam                 rparam       000000
__Lpowerup               powerup      00000E
__Lram                   ram          000000
__Lramtop                ramtop       000800
__Lrbit                  rbit         000000
__Lrbss                  rbss         000000
__Lrdata                 rdata        000000
__Lreset_vec             reset_vec    000000
__Lrparam                rparam       000000
__Lsfr                   sfr          000000
__Lsmallconst            smallconst   000800
__Lspace_0               (abs)        000000
__Lspace_1               (abs)        000000
__Lspace_2               (abs)        000000
__Lspace_4               (abs)        000000
__Lstack                 stack        000000
__Lstruct                struct       000000
__Ltemp                  temp         000059
__Ltext                  text         000000
__Ltext0                 text0        000000
__Ltext1                 text1        000000
__Ltext2                 text2        000000
__Ltext3                 text3        000000
__Ltext4                 text4        000000
__Ltext5                 text5        000000
__Ltext6                 text6        000000
__Ltext7                 text7        000000
__Ltext8                 text8        000000
__S0                     (abs)        001B0E
__S1                     (abs)        00005A
__S4                     (abs)        000000
__S5                     (abs)        000000
___fladd                 text5        000802
___fladd@a               cstackCOMRAM 000007
___fladd@aexp            cstackCOMRAM 000010
___fladd@b               cstackCOMRAM 000003
___fladd@bexp            cstackCOMRAM 000011
___fladd@grs             cstackCOMRAM 000012
___fladd@signs           cstackCOMRAM 00000F
___fldiv                 text7        0010EC
___fldiv@a               cstackCOMRAM 000036
___fldiv@aexp            cstackCOMRAM 00004A
___fldiv@b               cstackCOMRAM 000032
___fldiv@bexp            cstackCOMRAM 000049
___fldiv@grs             cstackCOMRAM 000045
___fldiv@new_exp         cstackCOMRAM 000043
___fldiv@rem             cstackCOMRAM 00003E
___fldiv@sign            cstackCOMRAM 000042
___flmul                 text6        000CC2
___flmul@a               cstackCOMRAM 000015
___flmul@aexp            cstackCOMRAM 000022
___flmul@b               cstackCOMRAM 000011
___flmul@bexp            cstackCOMRAM 000023
___flmul@grs             cstackCOMRAM 00001E
___flmul@prod            cstackCOMRAM 000024
___flmul@sign            cstackCOMRAM 00001D
___flmul@temp            cstackCOMRAM 000028
___flsub                 text4        001A7E
___flsub@a               cstackCOMRAM 00002E
___flsub@b               cstackCOMRAM 00002A
___fltol                 text3        001978
___fltol@exp1            cstackCOMRAM 00000C
___fltol@f1              cstackCOMRAM 000003
___fltol@sign1           cstackCOMRAM 00000B
___heap_hi               (abs)        000000
___heap_lo               (abs)        000000
___inthi_sp              stack        000000
___inthi_stack_hi        stack        000000
___inthi_stack_lo        stack        000000
___intlo_sp              stack        000000
___intlo_stack_hi        stack        000000
___intlo_stack_lo        stack        000000
___param_bank            (abs)        000000
___rparam_used           (abs)        000001
___sp                    stack        000000
___stack_hi              stack        000000
___stack_lo              stack        000000
___xxtofl                text2        001486
___xxtofl@arg            cstackCOMRAM 00000D
___xxtofl@exp            cstackCOMRAM 00000C
___xxtofl@sign           cstackCOMRAM 00000B
___xxtofl@val            cstackCOMRAM 000003
__accesstop              (abs)        000060
__activetblptr           (abs)        000000
__end_of_Timer0_Init     text8        001AE0
__end_of_Timer_INT       intcode_body 0017DC
__end_of___fladd         text5        000CC2
__end_of___fldiv         text7        001486
__end_of___flmul         text6        0010EC
__end_of___flsub         text4        001AC4
__end_of___fltol         text3        001A7E
__end_of___xxtofl        text2        00163A
__end_of__initialization cinit        001B04
__end_of_initPort        text1        001AF8
__end_of_main            text0        001978
__initialization         cinit        001AF8
__mediumconst            mediumconst  000000
__pbssCOMRAM             bssCOMRAM    00004D
__pcinit                 cinit        001AF8
__pcstackCOMRAM          cstackCOMRAM 000001
__pintcode               intcode      000008
__pintcode_body          intcode_body 00163A
__psmallconst            smallconst   000800
__ptext0                 text0        0017DC
__ptext1                 text1        001AE0
__ptext2                 text2        001486
__ptext3                 text3        001978
__ptext4                 text4        001A7E
__ptext5                 text5        000802
__ptext6                 text6        000CC2
__ptext7                 text7        0010EC
__ptext8                 text8        001AC4
__ramtop                 ramtop       000800
__smallconst             smallconst   000800
_contador                bssCOMRAM    000055
_initPort                text1        001AE0
_main                    text0        0017DC
_resistencia             bssCOMRAM    00004D
btemp                    temp         000059
end_of_initialization    cinit        001B04
int$flags                temp         000059
int_func                 intcode_body 00163A
intlevel0                text         000000
intlevel1                text         000000
intlevel2                text         000000
intlevel3                text         000000
isa$std                  (abs)        000001
isa$xinst                (abs)        000000
stackhi                  (abs)        000000
stacklo                  (abs)        000000
start                    init         00000E
start_initialization     cinit        001AF8
ttemp5                   temp         00005A
ttemp6                   temp         00005D
ttemp7                   temp         000061
wtemp8                   temp         00005A


MODULE INFORMATION

Module		Function		Class		Link	Load	Size
C:\Program Files\Microchip\xc8\v2.45\pic\sources\c99\common\sprcmul.c
		___flmul       		CODE           	0CC2	0000	1066

C:\Program Files\Microchip\xc8\v2.45\pic\sources\c99\common\sprcmul.c estimated size: 1066

C:\Program Files\Microchip\xc8\v2.45\pic\sources\c99\common\sprcdiv.c
		___fldiv       		CODE           	10EC	0000	922

C:\Program Files\Microchip\xc8\v2.45\pic\sources\c99\common\sprcdiv.c estimated size: 922

shared
		__initialization		CODE           	1AF8	0000	12

shared estimated size: 12

C:\Program Files\Microchip\xc8\v2.45\pic\sources\c99\common\xxtofl.c
		___xxtofl      		CODE           	1486	0000	436

C:\Program Files\Microchip\xc8\v2.45\pic\sources\c99\common\xxtofl.c estimated size: 436

C:\Program Files\Microchip\xc8\v2.45\pic\sources\c99\common\sprcadd.c
		___flsub       		CODE           	1A7E	0000	70
		___fladd       		CODE           	0802	0000	1216

C:\Program Files\Microchip\xc8\v2.45\pic\sources\c99\common\sprcadd.c estimated size: 1286

main.c
		_Timer0_Init   		CODE           	1AC4	0000	28
		_Timer_INT     		CODE           	0008	0000	424
		_main          		CODE           	17DC	0000	412
		_initPort      		CODE           	1AE0	0000	24

main.c estimated size: 888

C:\Program Files\Microchip\xc8\v2.45\pic\sources\c99\common\fltol.c
		___fltol       		CODE           	1978	0000	262

C:\Program Files\Microchip\xc8\v2.45\pic\sources\c99\common\fltol.c estimated size: 262

